// Jest Snapshot v1, https://goo.gl/fbAQLP

exports[`Banner component matches snapshot 1`] = `
<DocumentFragment>
  <button
    class="root-0-2-2"
    type="button"
  >
    <h2
      class="title-0-2-4"
    >
      # Share with others and earn
    </h2>
    <p
      class="text-0-2-5"
    >
      Place an advertisement on any category and get additional income right now.
    </p>
  </button>
</DocumentFragment>
`;
